{
  "data_section": {
    "data": [
      [
        "L11-00001_01",
        "",
        "",
        "",
        "A11",
        "AD81",
        "ATCACTCACA",
        "AD81",
        "TTACGGTAAC",
        "",
        "NGS_Seq1_20111111_01"
      ],
      [
        "L11-00002_01",
        "",
        "",
        "",
        "B11",
        "AD82",
        "CGGAGGTAGA",
        "AD82",
        "TTCAGATGGA",
        "",
        "NGS_Seq1_20111111_01"
      ],
      [
        "L11-00003_01",
        "",
        "",
        "",
        "C11",
        "AD83",
        "GAGTTGACAA",
        "AD83",
        "TAGCATCTGT",
        "",
        "NGS_Seq1_20111111_01"
      ],
      [
        "L11-00004_01",
        "",
        "",
        "",
        "D11",
        "AD84",
        "GCCGAACTTG",
        "AD84",
        "GGACGAGATC",
        "",
        "NGS_Seq1_20111111_01"
      ]
    ],
    "header_to_index": {
      "Description": 10,
      "I5_Index_ID": 7,
      "I7_Index_ID": 5,
      "Index_Plate_Well": 4,
      "Sample_ID": 0,
      "Sample_Name": 1,
      "Sample_Plate": 2,
      "Sample_Project": 9,
      "Sample_Well": 3,
      "index": 6,
      "index2": 8
    },
    "headers": [
      "Sample_ID",
      "Sample_Name",
      "Sample_Plate",
      "Sample_Well",
      "Index_Plate_Well",
      "I7_Index_ID",
      "index",
      "I5_Index_ID",
      "index2",
      "Sample_Project",
      "Description"
    ]
  },
  "delimiter": ",",
  "header_sections": [
    {
      "name": "header",
      "rows": [
        [
          "IEMFileVersion",
          "5",
          "",
          "",
          "",
          "",
          "",
          "",
          "",
          "",
          ""
        ],
        [
          "Experiment Name",
          "MyExperimentName",
          "",
          "",
          "",
          "",
          "",
          "",
          "",
          "",
          ""
        ],
        [
          "Date",
          "11.11.2011",
          "",
          "",
          "",
          "",
          "",
          "",
          "",
          "",
          ""
        ],
        [
          "Workflow",
          "GenerateFASTQ",
          "",
          "",
          "",
          "",
          "",
          "",
          "",
          "",
          ""
        ],
        [
          "Application",
          "NextSeq FASTQ Only",
          "",
          "",
          "",
          "",
          "",
          "",
          "",
          "",
          ""
        ],
        [
          "Instrument Type",
          "NovaSeq/MiSeq",
          "",
          "",
          "",
          "",
          "",
          "",
          "",
          "",
          ""
        ],
        [
          "Assay",
          "TruSeq DNA Exome Enrichment",
          "",
          "",
          "",
          "",
          "",
          "",
          "",
          "",
          ""
        ],
        [
          "Index Adapters",
          "TruSeq DNA CD Indexes (96 Indexes)",
          "",
          "",
          "",
          "",
          "",
          "",
          "",
          "",
          ""
        ],
        [
          "Description",
          "The Description",
          "",
          "",
          "",
          "",
          "",
          "",
          "",
          "",
          ""
        ],
        [
          "Chemistry",
          "Amplicon",
          "",
          "",
          "",
          "",
          "",
          "",
          "",
          "",
          ""
        ]
      ]
    },
    {
      "name": "reads",
      "rows": [
        [
          "149",
          "",
          "",
          "",
          "",
          "",
          "",
          "",
          "",
          "",
          ""
        ],
        [
          "149",
          "",
          "",
          "",
          "",
          "",
          "",
          "",
          "",
          "",
          ""
        ]
      ]
    }
  ],
  "sheet_type": "sectioned"
}
