{
  "data_section": {
    "data": [
      [
        "1",
        "L11-01111_I01",
        "",
        "",
        "5GS001-A1",
        "TTCGCTCA",
        "DGS08",
        "TAATGCGC",
        ""
      ],
      [
        "2",
        "L11-01112_I01",
        "",
        "",
        "5GS002-B1",
        "TATGGCAC",
        "DGS08",
        "TAATGCGC",
        ""
      ]
    ],
    "header_to_index": {
      "I7_Index_ID": 6,
      "Inline_ID": 4,
      "Sample_ID": 0,
      "Sample_Name": 1,
      "Sample_Plate": 2,
      "Sample_Project": 8,
      "Sample_Well": 3,
      "index": 5,
      "index2": 7
    },
    "headers": [
      "Sample_ID",
      "Sample_Name",
      "Sample_Plate",
      "Sample_Well",
      "Inline_ID",
      "index",
      "I7_Index_ID",
      "index2",
      "Sample_Project"
    ]
  },
  "delimiter": ",",
  "header_sections": [
    {
      "name": "header",
      "rows": [
        [
          "IEMFileVersion",
          "4",
          "",
          "",
          "",
          "",
          "",
          "",
          ""
        ],
        [
          "Investigator Name",
          "JS",
          "",
          "",
          "",
          "",
          "",
          "",
          ""
        ],
        [
          "Experiment Name",
          "MyExperimentName",
          "",
          "",
          "",
          "",
          "",
          "",
          ""
        ],
        [
          "Date",
          "10.10.2025",
          "",
          "",
          "",
          "",
          "",
          "",
          ""
        ],
        [
          "Workflow",
          "GenerateFASTQ",
          "",
          "",
          "",
          "",
          "",
          "",
          ""
        ],
        [
          "Application",
          "FASTQ Only",
          "",
          "",
          "",
          "",
          "",
          "",
          ""
        ],
        [
          "Assay",
          "TruSeq HT",
          "",
          "",
          "",
          "",
          "",
          "",
          ""
        ],
        [
          "Description",
          "MyDescription",
          "",
          "",
          "",
          "",
          "",
          "",
          ""
        ],
        [
          "Chemistry",
          "",
          "",
          "",
          "",
          "",
          "",
          "",
          ""
        ],
        [
          "Run",
          "111111_M00001_0111_000000000-M111P",
          "",
          "",
          "",
          "",
          "",
          "",
          ""
        ]
      ]
    },
    {
      "name": "reads",
      "rows": [
        [
          "150",
          "",
          "",
          "",
          "",
          "",
          "",
          "",
          ""
        ],
        [
          "8",
          "",
          "",
          "",
          "",
          "",
          "",
          "",
          ""
        ],
        [
          "130",
          "",
          "",
          "",
          "",
          "",
          "",
          "",
          ""
        ]
      ]
    }
  ],
  "sheet_type": "sectioned"
}
