{
  "data_section": {
    "data": [
      [
        "Sample1",
        "Test Sample 1",
        "Project1"
      ]
    ],
    "header_to_index": {
      "Sample_ID": 0,
      "Sample_Name": 1,
      "Sample_Project": 2
    },
    "headers": [
      "Sample_ID",
      "Sample_Name",
      "Sample_Project"
    ]
  },
  "delimiter": ",",
  "header_sections": [
    {
      "name": "header",
      "rows": [
        [
          "IEMFileVersion",
          "4"
        ],
        [
          "Experiment Name",
          "Read Format Test 2"
        ],
        [
          "Date",
          "2025-10-28"
        ],
        [
          "Workflow",
          "GenerateFASTQ"
        ]
      ]
    },
    {
      "name": "reads",
      "rows": [
        [
          "151"
        ],
        [
          "151"
        ]
      ]
    }
  ],
  "sheet_type": "sectioned"
}
