{
  "data_section": {
    "data": [
      [
        "Sample_1",
        "CCC",
        "",
        "1",
        "Sample_1_metadata"
      ],
      [
        "Sample_2",
        "TTT",
        "",
        "1",
        "Sample_2_metadata"
      ],
      [
        "Sample_3",
        "AAA",
        "",
        "1",
        "Sample_3_metadata"
      ]
    ],
    "header_to_index": {
      "Custom_Metadata": 4,
      "Index1": 1,
      "Index2": 2,
      "Lane": 3,
      "SampleName": 0
    },
    "headers": [
      "SampleName",
      "Index1",
      "Index2",
      "Lane",
      "Custom_Metadata"
    ]
  },
  "delimiter": ",",
  "header_sections": [],
  "sheet_type": "sectioned"
}
