{
  "data_section": {
    "data": [
      [
        "Sample_1",
        "CCC",
        "AAA",
        "1",
        "Library_Pool_1"
      ],
      [
        "Sample_2",
        "TTT",
        "GGG",
        "1",
        "Library_Pool_1"
      ],
      [
        "Sample_3",
        "AAA",
        "GGG",
        "2",
        "Library_Pool_2"
      ]
    ],
    "header_to_index": {
      "Index1": 1,
      "Index2": 2,
      "Lane": 3,
      "Project": 4,
      "SampleName": 0
    },
    "headers": [
      "SampleName",
      "Index1",
      "Index2",
      "Lane",
      "Project"
    ]
  },
  "delimiter": ",",
  "header_sections": [],
  "sheet_type": "sectioned"
}
