{
  "delimiter": ",",
  "sections": [
    {
      "data": [
        [
          "SettingName",
          "Value",
          "Lane",
          "",
          ""
        ],
        [
          "SpikeInAsUnassigned",
          "FALSE",
          "",
          "",
          ""
        ],
        [
          "R1FastQMask",
          "R1:Y*N",
          "1+2",
          "",
          ""
        ],
        [
          "R2FastQMask",
          "R2:Y*N",
          "1+2",
          "",
          ""
        ],
        [
          "I1Mask",
          "I1:Y*",
          "1+2",
          "",
          ""
        ],
        [
          "I1Fastq",
          "FALSE",
          "1+2",
          "",
          ""
        ],
        [
          "I1MismatchThreshold",
          "1",
          "1+2",
          "",
          ""
        ],
        [
          "I2Mask",
          "I2:Y*",
          "1+2",
          "",
          ""
        ],
        [
          "I2Fastq",
          "FALSE",
          "1+2",
          "",
          ""
        ],
        [
          "I2MismatchThreshold",
          "1",
          "1+2",
          "",
          ""
        ],
        [
          "UmiMask",
          "I1:N*",
          " 1+2",
          "",
          ""
        ],
        [
          "UmiFastQ",
          "FALSE",
          "1+2",
          "",
          ""
        ],
        [
          "AdapterTrimType",
          " Paired-End",
          " 1+2",
          "",
          ""
        ],
        [
          "R1Adapter",
          "",
          "1+2",
          "",
          ""
        ],
        [
          "R1AdapterTrim",
          "FALSE",
          "1+2",
          "",
          ""
        ],
        [
          "R1AdapterNMask",
          "FALSE",
          "1+2",
          "",
          ""
        ],
        [
          "R2Adapter",
          "",
          "1+2",
          "",
          ""
        ],
        [
          "R2AdapterTrim",
          "FALSE",
          "1+2",
          "",
          ""
        ],
        [
          "R2AdapterNMask",
          "FALSE",
          "1+2",
          "",
          ""
        ]
      ],
      "name": "settings",
      "num_columns": 5
    },
    {
      "data": [
        [
          "Keyname",
          " Value",
          "",
          "",
          ""
        ],
        [
          "Example-Custom-Key",
          "Additional metadata can be added as a key-value pair.",
          "",
          "",
          ""
        ]
      ],
      "name": "runvalues",
      "num_columns": 5
    },
    {
      "data": [
        [
          "SampleName",
          "Index1",
          "Index2",
          "Lane",
          "Project"
        ],
        [
          "PhiX",
          "ATGTCGCTAG",
          "CTAGCTCGTA",
          "1+2",
          ""
        ],
        [
          "PhiX",
          "CACAGATCGT",
          "ACGAGAGTCT",
          "1+2",
          ""
        ],
        [
          "PhiX",
          "GCACATAGTC",
          "GACTACTAGC",
          "1+2",
          ""
        ],
        [
          "PhiX",
          "TGTGTCGACA",
          "TGTCTGACAG",
          "1+2",
          ""
        ],
        [
          "ExampleSample_1",
          "AAAAAAAAAA",
          "GGGGGGGGGG",
          "1+2",
          ""
        ],
        [
          "ExampleSample_2",
          "TTTTTTTTTT",
          "CCCCCCCCCC",
          "1+2",
          ""
        ]
      ],
      "name": "samples",
      "num_columns": 5
    }
  ],
  "sheet_type": "sectioned"
}
