{
  "delimiter": ",",
  "sections": [
    {
      "data": [
        [
          "SampleName",
          "Index1",
          "Index2",
          "Lane",
          "Project"
        ],
        [
          "Sample_1",
          "CCC",
          "AAA",
          "1",
          "Library_Pool_1"
        ],
        [
          "Sample_2",
          "TTT",
          "GGG",
          "1",
          "Library_Pool_1"
        ],
        [
          "Sample_3",
          "AAA",
          "GGG",
          "2",
          "Library_Pool_2"
        ]
      ],
      "name": "samples",
      "num_columns": 5
    }
  ],
  "sheet_type": "sectioned"
}
