{
  "delimiter": ",",
  "sections": [
    {
      "data": [
        [
          "IEMFileVersion",
          "5",
          "",
          "",
          "",
          "",
          "",
          "",
          "",
          "",
          ""
        ],
        [
          "Experiment Name",
          "MyExperimentName",
          "",
          "",
          "",
          "",
          "",
          "",
          "",
          "",
          ""
        ],
        [
          "Date",
          "11.11.2011",
          "",
          "",
          "",
          "",
          "",
          "",
          "",
          "",
          ""
        ],
        [
          "Workflow",
          "GenerateFASTQ",
          "",
          "",
          "",
          "",
          "",
          "",
          "",
          "",
          ""
        ],
        [
          "Application",
          "NextSeq FASTQ Only",
          "",
          "",
          "",
          "",
          "",
          "",
          "",
          "",
          ""
        ],
        [
          "Instrument Type",
          "NovaSeq/MiSeq",
          "",
          "",
          "",
          "",
          "",
          "",
          "",
          "",
          ""
        ],
        [
          "Assay",
          "TruSeq DNA Exome Enrichment",
          "",
          "",
          "",
          "",
          "",
          "",
          "",
          "",
          ""
        ],
        [
          "Index Adapters",
          "TruSeq DNA CD Indexes (96 Indexes)",
          "",
          "",
          "",
          "",
          "",
          "",
          "",
          "",
          ""
        ],
        [
          "Description",
          "The Description",
          "",
          "",
          "",
          "",
          "",
          "",
          "",
          "",
          ""
        ],
        [
          "Chemistry",
          "Amplicon",
          "",
          "",
          "",
          "",
          "",
          "",
          "",
          "",
          ""
        ]
      ],
      "name": "Header",
      "num_columns": 11
    },
    {
      "data": [
        [
          "149",
          "",
          "",
          "",
          "",
          "",
          "",
          "",
          "",
          "",
          ""
        ],
        [
          "149",
          "",
          "",
          "",
          "",
          "",
          "",
          "",
          "",
          "",
          ""
        ]
      ],
      "name": "Reads",
      "num_columns": 11
    },
    {
      "data": [],
      "name": "Settings",
      "num_columns": 0
    },
    {
      "data": [
        [
          "Sample_ID",
          "Sample_Name",
          "Sample_Plate",
          "Sample_Well",
          "Index_Plate_Well",
          "I7_Index_ID",
          "index",
          "I5_Index_ID",
          "index2",
          "Sample_Project",
          "Description"
        ],
        [
          "L11-00001_01",
          "",
          "",
          "",
          "A11",
          "AD81",
          "ATCACTCACA",
          "AD81",
          "TTACGGTAAC",
          "",
          "NGS_Seq1_20111111_01"
        ],
        [
          "L11-00002_01",
          "",
          "",
          "",
          "B11",
          "AD82",
          "CGGAGGTAGA",
          "AD82",
          "TTCAGATGGA",
          "",
          "NGS_Seq1_20111111_01"
        ],
        [
          "L11-00003_01",
          "",
          "",
          "",
          "C11",
          "AD83",
          "GAGTTGACAA",
          "AD83",
          "TAGCATCTGT",
          "",
          "NGS_Seq1_20111111_01"
        ],
        [
          "L11-00004_01",
          "",
          "",
          "",
          "D11",
          "AD84",
          "GCCGAACTTG",
          "AD84",
          "GGACGAGATC",
          "",
          "NGS_Seq1_20111111_01"
        ]
      ],
      "name": "Data",
      "num_columns": 11
    }
  ],
  "sheet_type": "sectioned"
}
