{
  "delimiter": ",",
  "sections": [
    {
      "data": [
        [
          "IEMFileVersion",
          "4"
        ],
        [
          "Experiment Name",
          "Read Format Test 2"
        ],
        [
          "Date",
          "2025-10-28"
        ],
        [
          "Workflow",
          "GenerateFASTQ"
        ]
      ],
      "name": "Header",
      "num_columns": 2
    },
    {
      "data": [
        [
          "151"
        ],
        [
          "151"
        ]
      ],
      "name": "Reads",
      "num_columns": 1
    },
    {
      "data": [
        [
          "Sample_ID",
          "Sample_Name",
          "Sample_Project"
        ],
        [
          "Sample1",
          "Test Sample 1",
          "Project1"
        ]
      ],
      "name": "Data",
      "num_columns": 3
    }
  ],
  "sheet_type": "sectioned"
}
